Loading models...
Loading test data (using 2000 samples for speed)...

============================================================
TESTING ALL COORDINATORS
============================================================

[1/5] Testing Confidence coordinator...

============================================================
CONFIDENCE ROUTER ACCURACY
============================================================
Total samples: 2000
Overall accuracy: 92.60%

DISAGREEMENT-ONLY (A != B) - The True Routing Problem:
  Disagreement rate: 79.25% (1585/2000)
  Accuracy when disagree: 90.73%

When router picks Model A (n=1046):
  Accuracy: 87.09%

When router picks Model B (n=954):
  Accuracy: 98.64%
============================================================

[2/5] Testing Margin coordinator...

============================================================
MARGIN ROUTER ACCURACY
============================================================
Total samples: 2000
Overall accuracy: 92.50%

DISAGREEMENT-ONLY (A != B) - The True Routing Problem:
  Disagreement rate: 79.25% (1585/2000)
  Accuracy when disagree: 90.60%

When router picks Model A (n=1045):
  Accuracy: 87.08%

When router picks Model B (n=955):
  Accuracy: 98.43%
============================================================

[3/5] Testing Ensemble coordinator (default)...

============================================================
ENSEMBLE ROUTER ACCURACY
============================================================
Total samples: 2000
Overall accuracy: 92.40%

DISAGREEMENT-ONLY (A != B) - The True Routing Problem:
  Disagreement rate: 79.25% (1585/2000)
  Accuracy when disagree: 90.47%
(Blending coordinator - combines both models' outputs)
============================================================

[4/5] Testing AverageLogits coordinator...

============================================================
AVERAGELOGITS ROUTER ACCURACY
============================================================
Total samples: 2000
Overall accuracy: 51.65%

DISAGREEMENT-ONLY (A != B) - The True Routing Problem:
  Disagreement rate: 79.25% (1585/2000)
  Accuracy when disagree: 39.05%
(Blending coordinator - combines both models' outputs)
============================================================

[5/5] Testing AgreeThenRouter coordinator...
  Training router on probe data...
  Router trained: samples=4007, val_acc=96.00%

============================================================
AGREETHENROUTER ROUTER ACCURACY
============================================================
Total samples: 2000
Overall accuracy: 95.90%

DISAGREEMENT-ONLY (A != B) - The True Routing Problem:
  Disagreement rate: 79.25% (1585/2000)
  Accuracy when disagree: 94.89%

When router picks Model A (n=1108):
  Accuracy: 93.86%

When router picks Model B (n=892):
  Accuracy: 98.43%
============================================================


============================================================
SUMMARY
============================================================
Tested 5 coordinators:
  - Confidence: Picks model with highest confidence
  - Margin: Picks model with highest margin (top1 - top2)
  - Ensemble: Averages probabilities (default)
  - AverageLogits: Averages logits directly
  - AgreeThenRouter: Uses trained NN when models disagree
============================================================

Done! For full test on all 10,000 samples, use measure_agreement.py
